============================= test session starts =============================
platform win32 -- Python 3.11.14, pytest-7.4.4, pluggy-1.6.0 -- C:\Users\mosta\anaconda3\envs\evidently\python.exe
cachedir: .pytest_cache
rootdir: C:\Users\mosta\Documents\GitHub\evidently
configfile: pyproject.toml
plugins: anyio-4.12.1, Faker-40.4.0, asyncio-0.23.7, mock-3.14.0
asyncio: mode=Mode.STRICT
collecting ... collected 10 items

tests/features/test_llm_judge.py::test_parse_response[template0-results0] PASSED [ 10%]
tests/features/test_llm_judge.py::test_parse_response[template1-results1] PASSED [ 20%]
tests/features/test_llm_judge.py::test_parse_response[template2-results2] PASSED [ 30%]
tests/features/test_llm_judge.py::test_parse_response[template3-results3] PASSED [ 40%]
tests/features/test_llm_judge.py::test_llm_judge PASSED                  [ 50%]
tests/features/test_llm_judge.py::test_multicol_llm_judge PASSED         [ 60%]
tests/features/test_llm_judge.py::test_run_snapshot_with_llm_judge PASSED [ 70%]
tests/features/test_llm_judge.py::test_fluency_llm_eval PASSED           [ 80%]
tests/features/test_llm_judge.py::test_coherence_llm_eval PASSED         [ 90%]
tests/features/test_llm_judge.py::test_reference_free_evals_importable PASSED [100%]

============================== warnings summary ===============================
src\evidently\legacy\tests\utils.py:183
src\evidently\legacy\tests\utils.py:183
  C:\Users\mosta\Documents\GitHub\evidently\src\evidently\legacy\tests\utils.py:183: DeprecationWarning: numpy.core is deprecated and has been renamed to numpy._core. The numpy._core namespace contains private NumPy internals and its use is discouraged, as NumPy internals can change without warning in any release. In practice, most real-world usage of numpy.core is to access functionality in the public NumPy API. If that is the case, use the public NumPy API. If not, you are using NumPy internals. If you would still like to access an internal attribute, use numpy._core.numeric.
    np.core.numeric.ScalarType = np.core.numeric.ScalarType + (ApproxValue, ApproxValueNoDict)  # type: ignore[attr-defined]

tests\conftest.py:12
tests\conftest.py:12
  C:\Users\mosta\Documents\GitHub\evidently\tests\conftest.py:12: DeprecationWarning: numpy.core is deprecated and has been renamed to numpy._core. The numpy._core namespace contains private NumPy internals and its use is discouraged, as NumPy internals can change without warning in any release. In practice, most real-world usage of numpy.core is to access functionality in the public NumPy API. If that is the case, use the public NumPy API. If not, you are using NumPy internals. If you would still like to access an internal attribute, use numpy._core.numeric.
    np.core.numeric.ScalarType = np.core.numeric.ScalarType + (ApproxValue,)  # type: ignore[attr-defined]

tests/features/test_llm_judge.py::test_llm_judge
  tests\features\test_llm_judge.py:103: PytestWarning: The test <Function test_llm_judge> is marked with '@pytest.mark.asyncio' but it is not an async function. Please remove the asyncio mark. If the test is not marked explicitly, check for global marks applied via 'pytestmark'.
    @pytest.mark.asyncio

tests/features/test_llm_judge.py::test_multicol_llm_judge
  tests\features\test_llm_judge.py:119: PytestWarning: The test <Function test_multicol_llm_judge> is marked with '@pytest.mark.asyncio' but it is not an async function. Please remove the asyncio mark. If the test is not marked explicitly, check for global marks applied via 'pytestmark'.
    @pytest.mark.asyncio

-- Docs: https://docs.pytest.org/en/stable/how-to/capture-warnings.html
======================= 10 passed, 6 warnings in 0.09s ========================

